// Jest Snapshot v1, https://goo.gl/fbAQLP

exports[`renders without crashing 1`] = `
Array [
  <Context.Consumer>
    [Function]
  </Context.Consumer>,
]
`;
